2026-02-27 20:12:52 - INFO - Sistem başlatılıyor...
2026-02-27 20:16:08 - INFO - Sistem başlatılıyor...
2026-02-27 20:22:29 - INFO - Sistem başlatılıyor...
2026-02-27 20:24:05 - INFO - 🚀 [OKUNDU] Plaka: 06DBN786   | Güven: %80 | Kamera: CAM-01 | Saat: 20:24:05
2026-02-27 20:24:07 - WARNING - ℹ️ [CAM-01] Bu kamera için tanımlı bir NodeMCU (Kapı) IP'si bulunamadı.
2026-02-27 20:24:25 - INFO - 🚀 [OKUNDU] Plaka: 06AE458    | Güven: %82 | Kamera: CAM-01 | Saat: 20:24:25
2026-02-27 20:24:27 - WARNING - ℹ️ [CAM-01] Bu kamera için tanımlı bir NodeMCU (Kapı) IP'si bulunamadı.
2026-02-27 20:24:44 - INFO - 🚀 [OKUNDU] Plaka: 06JR427    | Güven: %95 | Kamera: CAM-01 | Saat: 20:24:44
2026-02-27 20:24:46 - WARNING - ℹ️ [CAM-01] Bu kamera için tanımlı bir NodeMCU (Kapı) IP'si bulunamadı.
2026-02-27 20:27:29 - INFO - 🚀 [OKUNDU] Plaka: 06JR427    | Güven: %97 | Kamera: CAM-01 | Saat: 20:27:29
2026-02-27 20:27:31 - WARNING - ℹ️ [CAM-01] Bu kamera için tanımlı bir NodeMCU (Kapı) IP'si bulunamadı.
2026-02-27 20:36:00 - INFO - Sistem başlatılıyor...
2026-02-27 20:38:05 - INFO - 🚀 [OKUNDU] Plaka: 06JR427    | Güven: %96 | Kamera: CAM-01 | Saat: 20:38:05
2026-02-27 20:38:07 - WARNING - ℹ️ [CAM-01] Bu kamera için tanımlı bir NodeMCU (Kapı) IP'si bulunamadı.
2026-02-27 20:54:54 - INFO - Sistem başlatılıyor...
2026-02-27 20:56:41 - INFO - Sistem başlatılıyor...
2026-02-27 21:02:53 - INFO - Sistem başlatılıyor...
2026-02-27 21:04:21 - INFO - 🚀 [OKUNDU] Plaka: 06CBE8384  | Güven: %97 | Kamera: CAM-01 | Saat: 21:04:21
2026-02-27 21:05:28 - INFO - 🚀 [OKUNDU] Plaka: 06DBN786   | Güven: %90 | Kamera: CAM-01 | Saat: 21:05:28
2026-02-27 21:07:10 - INFO - Sistem başlatılıyor...
2026-02-27 21:13:23 - INFO - Sistem başlatılıyor...
2026-02-27 21:13:46 - INFO - 🚀 [OKUNDU] Plaka: 06AE458    | Güven: %89 | Kamera: CAM-01 | Saat: 21:13:46
2026-02-27 21:14:37 - INFO - 🚀 [OKUNDU] Plaka: 06AE456    | Güven: %81 | Kamera: CAM-01 | Saat: 21:14:37
2026-02-27 21:14:40 - INFO - 🚀 [OKUNDU] Plaka: 06AE458    | Güven: %97 | Kamera: CAM-01 | Saat: 21:14:40
2026-02-27 21:15:58 - INFO - 🚀 [OKUNDU] Plaka: 06AE458    | Güven: %87 | Kamera: CAM-01 | Saat: 21:15:58
2026-02-27 21:16:08 - INFO - 🚀 [OKUNDU] Plaka: 06JR427    | Güven: %85 | Kamera: CAM-01 | Saat: 21:16:08
2026-02-27 21:16:19 - INFO - 🚀 [OKUNDU] Plaka: 06DBN786   | Güven: %78 | Kamera: CAM-01 | Saat: 21:16:19
2026-02-27 21:16:56 - INFO - 🚀 [OKUNDU] Plaka: 06DBN786   | Güven: %90 | Kamera: CAM-01 | Saat: 21:16:56
2026-02-27 21:17:12 - INFO - 🚀 [OKUNDU] Plaka: 06OBN786   | Güven: %53 | Kamera: CAM-01 | Saat: 21:17:12
2026-02-27 21:17:16 - INFO - 🚀 [OKUNDU] Plaka: 06AE458    | Güven: %96 | Kamera: CAM-01 | Saat: 21:17:16
2026-02-27 21:17:24 - INFO - 🚀 [OKUNDU] Plaka: 06TFF55    | Güven: %91 | Kamera: CAM-01 | Saat: 21:17:24
2026-02-27 21:18:45 - INFO - Sistem başlatılıyor...
2026-02-27 21:29:26 - INFO - Sistem başlatılıyor...
2026-02-28 16:13:38 - INFO - Sistem başlatılıyor...
2026-02-28 16:16:47 - INFO - 🚀 [OKUNDU] Plaka: 06JR427    | Güven: %78 | Kamera: CAM-01 | Saat: 16:16:47
2026-02-28 16:17:27 - INFO - 🚀 [OKUNDU] Plaka: 06JR427    | Güven: %90 | Kamera: CAM-01 | Saat: 16:17:27
2026-02-28 16:19:04 - INFO - 🚀 [OKUNDU] Plaka: 06JR427    | Güven: %95 | Kamera: CAM-01 | Saat: 16:19:04
2026-02-28 16:24:17 - INFO - 🚀 [OKUNDU] Plaka: 06AE458    | Güven: %90 | Kamera: CAM-01 | Saat: 16:24:17
2026-02-28 16:26:41 - INFO - 🚀 [OKUNDU] Plaka: 06DBN78    | Güven: %77 | Kamera: CAM-01 | Saat: 16:26:41
2026-02-28 16:26:53 - INFO - 🚀 [OKUNDU] Plaka: 06DBN788   | Güven: %73 | Kamera: CAM-01 | Saat: 16:26:53
2026-02-28 16:26:54 - INFO - 🚀 [OKUNDU] Plaka: 06DBN78    | Güven: %82 | Kamera: CAM-01 | Saat: 16:26:54
2026-02-28 16:40:15 - INFO - 🚀 [OKUNDU] Plaka: 34DPL2024  | Güven: %99 | Kamera: CAM-01 | Saat: 16:40:15
2026-02-28 16:40:34 - INFO - 🚀 [OKUNDU] Plaka: 34DPL2024  | Güven: %99 | Kamera: CAM-01 | Saat: 16:40:34
2026-02-28 16:45:25 - INFO - 🚀 [OKUNDU] Plaka: 34DPL2024  | Güven: %98 | Kamera: CAM-01 | Saat: 16:45:25
2026-02-28 16:45:41 - INFO - 🚀 [OKUNDU] Plaka: 34DPL2024  | Güven: %98 | Kamera: CAM-01 | Saat: 16:45:41
2026-02-28 16:46:26 - INFO - 🚀 [OKUNDU] Plaka: 34DPL2024  | Güven: %92 | Kamera: CAM-01 | Saat: 16:46:26
2026-02-28 16:46:42 - INFO - 🚀 [OKUNDU] Plaka: 34DPL2024  | Güven: %98 | Kamera: CAM-01 | Saat: 16:46:42
2026-02-28 16:47:20 - INFO - 🚀 [OKUNDU] Plaka: 34DPL2024  | Güven: %98 | Kamera: CAM-01 | Saat: 16:47:20
2026-02-28 16:48:32 - INFO - 🚀 [OKUNDU] Plaka: 34DPL2024  | Güven: %97 | Kamera: CAM-01 | Saat: 16:48:32
2026-02-28 16:49:00 - INFO - 🚀 [OKUNDU] Plaka: 34DPL2024  | Güven: %94 | Kamera: CAM-01 | Saat: 16:49:00
2026-02-28 16:52:28 - INFO - Sistem başlatılıyor...
2026-02-28 16:56:56 - INFO - Sistem başlatılıyor...
2026-02-28 17:01:20 - INFO - 🚀 [OKUNDU] Plaka: 34DPL2024  | Güven: %93 | Kamera: CAM-01 | Saat: 17:01:20
2026-02-28 17:08:22 - INFO - Sistem başlatılıyor...
2026-02-28 17:18:03 - INFO - Sistem başlatılıyor...
2026-02-28 17:30:26 - INFO - Sistem başlatılıyor...
2026-03-03 00:54:53 - INFO - Sistem başlatılıyor...
2026-03-05 00:06:50 - INFO - Sistem başlatılıyor...
2026-03-05 00:08:45 - INFO - 🚀 [OKUNDU] Plaka: 34DPL2024  | Güven: %99 | Kamera: CAM-01 | Saat: 00:08:45
2026-03-05 00:39:35 - INFO - Sistem başlatılıyor...
2026-03-05 00:41:01 - INFO - 🚀 [OKUNDU] Plaka: 06CBE8384  | Güven: %87 | Kamera: CAM-01 | Saat: 00:41:01
2026-03-05 00:41:02 - INFO - 🚀 [OKUNDU] Plaka: 06CBE8384  | Güven: %84 | Kamera: CAM-01 | Saat: 00:41:02
2026-03-05 00:43:32 - INFO - Sistem başlatılıyor...
2026-03-05 00:55:49 - INFO - Sistem başlatılıyor...
2026-03-05 00:56:08 - INFO - 🚀 [OKUNDU] Plaka: 06TFF55    | Güven: %87 | Kamera: CAM-01 | Saat: 00:56:08
2026-03-05 00:56:20 - INFO - 🚀 [OKUNDU] Plaka: 06IFF55    | Güven: %86 | Kamera: CAM-01 | Saat: 00:56:20
2026-03-05 00:56:29 - INFO - 🚀 [OKUNDU] Plaka: 06JR427    | Güven: %92 | Kamera: CAM-01 | Saat: 00:56:29
2026-03-05 00:58:18 - INFO - 🚀 [OKUNDU] Plaka: 06JR427    | Güven: %91 | Kamera: CAM-01 | Saat: 00:58:18
2026-03-05 01:12:01 - INFO - Sistem başlatılıyor...
2026-03-05 01:14:25 - INFO - 🚀 [OKUNDU] Plaka: 06JR427    | Güven: %88 | Kamera: CAM-01 | Saat: 01:14:25
2026-03-05 01:14:48 - INFO - 🚀 [OKUNDU] Plaka: 06CBE8384  | Güven: %79 | Kamera: CAM-01 | Saat: 01:14:48
2026-03-05 01:15:01 - INFO - 🚀 [OKUNDU] Plaka: 06IFF55    | Güven: %88 | Kamera: CAM-01 | Saat: 01:15:01
2026-03-05 01:15:01 - INFO - 🚀 [OKUNDU] Plaka: 06TFF55    | Güven: %92 | Kamera: CAM-01 | Saat: 01:15:01
2026-03-05 01:15:11 - INFO - 🚀 [OKUNDU] Plaka: 06IFF55    | Güven: %90 | Kamera: CAM-01 | Saat: 01:15:11
2026-03-05 01:15:17 - INFO - 🚀 [OKUNDU] Plaka: 06TFF55    | Güven: %93 | Kamera: CAM-01 | Saat: 01:15:17
2026-03-05 01:16:05 - INFO - 🚀 [OKUNDU] Plaka: 06TFF55    | Güven: %84 | Kamera: CAM-01 | Saat: 01:16:05
2026-03-05 01:16:51 - INFO - 🚀 [OKUNDU] Plaka: 06TFF55    | Güven: %86 | Kamera: CAM-01 | Saat: 01:16:51
2026-03-05 01:29:56 - INFO - Sistem başlatılıyor...
2026-03-05 01:30:23 - INFO - 🚀 [OKUNDU] Plaka: 06TFF55    | Güven: %92 | Kamera: CAM-01
2026-03-05 01:30:40 - INFO - 🚀 [OKUNDU] Plaka: 06JR427    | Güven: %97 | Kamera: CAM-01
2026-03-05 01:32:11 - INFO - 🚀 [OKUNDU] Plaka: 06DBN786   | Güven: %86 | Kamera: CAM-01
2026-03-05 01:32:31 - INFO - 🚀 [OKUNDU] Plaka: 06AE458    | Güven: %90 | Kamera: CAM-01
2026-03-05 01:33:43 - INFO - 🚀 [OKUNDU] Plaka: 06AE458    | Güven: %90 | Kamera: CAM-01
2026-03-05 01:38:11 - INFO - Sistem başlatılıyor...
2026-03-05 01:44:43 - INFO - Sistem başlatılıyor...
2026-03-05 01:45:40 - INFO - 🚀 [OKUNDU] Plaka: 06AE458    | Güven: %92 | Kamera: CAM-01
2026-03-05 01:45:58 - INFO - 🚀 [OKUNDU] Plaka: 06DBN786   | Güven: %92 | Kamera: CAM-01
2026-03-05 01:59:59 - INFO - Sistem başlatılıyor...
2026-03-05 02:00:22 - INFO - 🚀 [OKUNDU] Plaka: 06DBN786   | Güven: %89 | Kamera: CAM-01
2026-03-05 02:00:48 - INFO - 🚀 [OKUNDU] Plaka: 06AE458    | Güven: %91 | Kamera: CAM-01
2026-03-05 02:01:04 - INFO - 🚀 [OKUNDU] Plaka: 06AE458    | Güven: %93 | Kamera: CAM-01
2026-03-05 02:01:21 - INFO - 🚀 [OKUNDU] Plaka: 06JR427    | Güven: %98 | Kamera: CAM-01
2026-03-05 02:19:15 - INFO - Sistem başlatılıyor...
2026-03-05 02:19:49 - INFO - 🚀 [OKUNDU] Plaka: 06JR427    | Güven: %93 | Kamera: CAM-01
2026-03-05 02:33:08 - INFO - Sistem başlatılıyor...
2026-03-05 02:33:58 - INFO - 🚀 [OKUNDU] Plaka: 06TFF55    | Güven: %84 | Kamera: CAM-01
2026-03-05 02:34:09 - INFO - 🚀 [OKUNDU] Plaka: 06JR427    | Güven: %93 | Kamera: CAM-01
2026-03-05 02:34:29 - INFO - 🚀 [OKUNDU] Plaka: 06JR427    | Güven: %94 | Kamera: CAM-01
2026-03-05 02:35:14 - INFO - 🚀 [OKUNDU] Plaka: 06CBE8384  | Güven: %96 | Kamera: CAM-01
2026-03-05 02:46:48 - INFO - 🚀 [OKUNDU] Plaka: 06CBE8384  | Güven: %96 | Kamera: CAM-01
2026-03-05 02:47:43 - INFO - 🚀 [OKUNDU] Plaka: 06CBE8384  | Güven: %94 | Kamera: CAM-01
2026-03-05 02:49:43 - INFO - 🚀 [OKUNDU] Plaka: 06TFF55    | Güven: %91 | Kamera: CAM-01
2026-03-05 03:52:07 - INFO - Sistem başlatılıyor...
2026-03-05 03:53:49 - INFO - 🚀 [OKUNDU] Plaka: 06TFF55    | Güven: %92 | Kamera: CAM-01
2026-03-05 03:54:00 - INFO - 🚀 [OKUNDU] Plaka: 06CBE8384  | Güven: %96 | Kamera: CAM-01
2026-03-05 03:54:30 - INFO - 🚀 [OKUNDU] Plaka: 06CBE8384  | Güven: %92 | Kamera: CAM-01
2026-03-05 03:54:48 - INFO - 🚀 [OKUNDU] Plaka: 06TFF55    | Güven: %91 | Kamera: CAM-01
2026-03-05 04:06:10 - INFO - Sistem başlatılıyor...
2026-03-05 04:07:58 - INFO - 🚀 [OKUNDU] Plaka: 06TFF55    | Güven: %91 | Kamera: CAM-01
2026-03-05 04:08:13 - INFO - 🚀 [OKUNDU] Plaka: 06CBE8384  | Güven: %85 | Kamera: CAM-01
2026-03-05 04:09:29 - INFO - 🚀 [OKUNDU] Plaka: 06TFF55    | Güven: %91 | Kamera: CAM-01
2026-03-05 04:09:54 - INFO - 🚀 [OKUNDU] Plaka: 06JR427    | Güven: %82 | Kamera: CAM-01
2026-03-05 04:10:08 - INFO - 🚀 [OKUNDU] Plaka: 34DPL2024  | Güven: %95 | Kamera: CAM-01
2026-03-05 04:10:57 - INFO - 🚀 [OKUNDU] Plaka: 34DPL2024  | Güven: %97 | Kamera: CAM-01
2026-03-05 04:11:11 - INFO - 🚀 [OKUNDU] Plaka: 06CBE8384  | Güven: %88 | Kamera: CAM-01
2026-03-05 04:11:26 - INFO - 🚀 [OKUNDU] Plaka: 06TFF55    | Güven: %93 | Kamera: CAM-01
2026-03-05 04:13:08 - INFO - Sistem başlatılıyor...
2026-03-05 04:29:56 - INFO - Sistem başlatılıyor...
2026-03-05 04:30:18 - INFO - 🚀 [OKUNDU] Plaka: 06IFF55    | Güven: %90 | Kamera: CAM-01
2026-03-05 04:30:21 - INFO - 🚀 [OKUNDU] Plaka: 06TFF55    | Güven: %89 | Kamera: CAM-01
2026-03-05 04:34:53 - INFO - Sistem başlatılıyor...
2026-03-05 04:36:14 - INFO - 🚀 [OKUNDU] Plaka: 06TFF55    | Güven: %93 | Kamera: CAM-01
2026-04-20 21:38:55 - INFO - Sistem başlatılıyor...
2026-04-20 21:39:35 - INFO - 🚀 [OKUNDU] Plaka: 06JR427    | Güven: %97 | Kamera: CAM-01
2026-04-20 21:39:48 - INFO - 🚀 [OKUNDU] Plaka: 06IFF55    | Güven: %81 | Kamera: CAM-01
2026-04-20 21:39:51 - INFO - 🚀 [OKUNDU] Plaka: 06TFF55    | Güven: %91 | Kamera: CAM-01
2026-04-20 21:43:22 - INFO - Sistem başlatılıyor...
2026-04-20 21:43:57 - INFO - 🚀 [OKUNDU] Plaka: 06TFF55    | Güven: %90 | Kamera: CAM-01
2026-04-20 21:44:21 - INFO - 🚀 [OKUNDU] Plaka: 06CBE8384  | Güven: %94 | Kamera: CAM-01
